../Core/Src/main.c:205:13:UART_Print	16	static
../Core/Src/main.c:210:13:UART_Printf	176	static
../Core/Src/main.c:222:13:MAX7219_Write	24	static
../Core/Src/main.c:234:13:MAX7219_Init	8	static
../Core/Src/main.c:247:13:MAX7219_Clear	16	static
../Core/Src/main.c:255:13:MAX7219_DisplayBitmap	24	static
../Core/Src/main.c:263:13:MAX7219_TestPattern	8	static
../Core/Src/main.c:268:50:PCF8591_ReadChannel	32	static
../Core/Src/main.c:302:50:PCF8591_SetDAC	32	static
../Core/Src/main.c:318:20:PCF8591_ChannelName	16	static
../Core/Src/main.c:336:13:PCF8591_StartRead	16	static
../Core/Src/main.c:358:13:Process_Command	24	static
../Core/Src/main.c:415:37:UART_CheckCommand	16	static
../Core/Src/main.c:447:13:Display_UpdateTask	8	static
../Core/Src/main.c:494:5:main	8	static
../Core/Src/main.c:562:6:SystemClock_Config	96	static
../Core/Src/main.c:606:13:MX_I2C1_Init	8	static
../Core/Src/main.c:639:13:MX_SPI1_Init	8	static
../Core/Src/main.c:667:13:MX_USART2_UART_Init	8	static
../Core/Src/main.c:691:13:MX_GPIO_Init	48	static
../Core/Src/main.c:716:6:HAL_UART_RxCpltCallback	16	static
../Core/Src/main.c:747:6:HAL_I2C_MasterTxCpltCallback	16	static
../Core/Src/main.c:764:6:HAL_I2C_MasterRxCpltCallback	24	static
../Core/Src/main.c:809:6:HAL_I2C_ErrorCallback	16	static
../Core/Src/main.c:826:6:Error_Handler	4	static,ignoring_inline_asm
