../Core/Src/main.c:186:13:UART_Print	16	static
../Core/Src/main.c:191:13:UART_Printf	176	static
../Core/Src/main.c:203:13:MAX7219_Write	24	static
../Core/Src/main.c:215:13:MAX7219_Init	8	static
../Core/Src/main.c:228:13:MAX7219_Clear	16	static
../Core/Src/main.c:236:13:MAX7219_DisplayBitmap	24	static
../Core/Src/main.c:244:13:MAX7219_TestPattern	8	static
../Core/Src/main.c:249:26:PCF8591_ReadChannel	32	static
../Core/Src/main.c:283:26:PCF8591_SetDAC	32	static
../Core/Src/main.c:299:13:Process_Command	32	static
../Core/Src/main.c:462:13:UART_CheckCommand	16	static
../Core/Src/main.c:494:13:Display_UpdateTask	8	static
../Core/Src/main.c:541:5:main	8	static
../Core/Src/main.c:603:6:SystemClock_Config	96	static
../Core/Src/main.c:647:13:MX_I2C1_Init	8	static
../Core/Src/main.c:680:13:MX_SPI1_Init	8	static
../Core/Src/main.c:708:13:MX_USART2_UART_Init	8	static
../Core/Src/main.c:732:13:MX_GPIO_Init	48	static
../Core/Src/main.c:763:6:Error_Handler	4	static,ignoring_inline_asm
