../Core/Src/main.c:136:13:uart_print	16	static
../Core/Src/main.c:145:13:lcd_pulse_enable	8	static
../Core/Src/main.c:153:13:lcd_write4	16	static
../Core/Src/main.c:163:13:lcd_send	16	static
../Core/Src/main.c:173:13:lcd_cmd	16	static
../Core/Src/main.c:178:13:lcd_data	16	static
../Core/Src/main.c:183:13:lcd_init	8	static
../Core/Src/main.c:209:13:lcd_clear	8	static
../Core/Src/main.c:215:13:lcd_set_cursor	24	static
../Core/Src/main.c:227:13:lcd_print	16	static
../Core/Src/main.c:236:13:lcd_print_padded	24	static
../Core/Src/main.c:258:16:wcmcu75_detect_address	16	static
../Core/Src/main.c:274:16:wcmcu75_read_temp_x10	24	static
../Core/Src/main.c:310:17:adc_read	16	static
../Core/Src/main.c:326:17:mq135_vpin_mv	16	static
../Core/Src/main.c:335:17:mq135_vao_mv	16	static
../Core/Src/main.c:344:17:mq135_estimate_co2_ppm	32	static
../Core/Src/main.c:383:5:main	344	static
../Core/Src/main.c:511:6:SystemClock_Config	96	static
../Core/Src/main.c:552:6:Error_Handler	4	static,ignoring_inline_asm
