../Core/Src/main.c:136:13:uart_print	1
../Core/Src/main.c:145:13:lcd_pulse_enable	1
../Core/Src/main.c:153:13:lcd_write4	1
../Core/Src/main.c:163:13:lcd_send	1
../Core/Src/main.c:173:13:lcd_cmd	1
../Core/Src/main.c:178:13:lcd_data	1
../Core/Src/main.c:183:13:lcd_init	1
../Core/Src/main.c:209:13:lcd_clear	1
../Core/Src/main.c:215:13:lcd_set_cursor	2
../Core/Src/main.c:227:13:lcd_print	2
../Core/Src/main.c:236:13:lcd_print_padded	4
../Core/Src/main.c:258:16:wcmcu75_detect_address	3
../Core/Src/main.c:274:16:wcmcu75_read_temp_x10	4
../Core/Src/main.c:310:17:adc_read	2
../Core/Src/main.c:326:17:mq135_vpin_mv	1
../Core/Src/main.c:335:17:mq135_vao_mv	1
../Core/Src/main.c:344:17:mq135_estimate_co2_ppm	3
../Core/Src/main.c:383:5:main	4
../Core/Src/main.c:511:6:SystemClock_Config	4
../Core/Src/main.c:552:6:Error_Handler	1
