../Core/Src/main.c:121:6:UART_Print	16	static
../Core/Src/main.c:126:6:UART_Print_Status	320	static
../Core/Src/main.c:146:9:PCF8591_ReadADC	32	static
../Core/Src/main.c:176:9:PCF8591_WriteDAC	32	static
../Core/Src/main.c:196:10:Converter_ADC_Para_PWM	16	static
../Core/Src/main.c:201:6:Atualizar_PWM_RGB	16	static
../Core/Src/main.c:208:6:Desligar_PWM_RGB	4	static
../Core/Src/main.c:215:6:Piscar_LD2	24	static
../Core/Src/main.c:227:6:Processar_Botao	8	static
../Core/Src/main.c:256:6:Processar_DAC	16	static
../Core/Src/main.c:294:6:HAL_GPIO_EXTI_Callback	16	static
../Core/Src/main.c:302:6:HAL_TIM_PeriodElapsedCallback	16	static
../Core/Src/main.c:316:5:main	16	static
../Core/Src/main.c:421:6:SystemClock_Config	96	static
../Core/Src/main.c:468:13:MX_I2C1_Init	8	static
../Core/Src/main.c:513:13:MX_TIM2_Init	64	static
../Core/Src/main.c:591:13:MX_TIM6_Init	24	static
../Core/Src/main.c:632:13:MX_USART2_UART_Init	8	static
../Core/Src/main.c:668:13:MX_GPIO_Init	48	static
../Core/Src/main.c:702:6:Error_Handler	4	static,ignoring_inline_asm
